src/components/Breadcrumb.tsx(2,22): error TS2307: Cannot find module 'react-router-dom' or its corresponding type declarations.
src/components/DashboardTile.tsx(2,22): error TS2307: Cannot find module 'react-router-dom' or its corresponding type declarations.
src/components/QuickFab.tsx(3,29): error TS2307: Cannot find module 'react-router-dom' or its corresponding type declarations.
src/components/TopBar.tsx(2,42): error TS2307: Cannot find module 'react-router-dom' or its corresponding type declarations.
src/components/UserMenu.tsx(3,29): error TS2307: Cannot find module 'react-router-dom' or its corresponding type declarations.
src/components/UserMenu.tsx(13,19): error TS2345: Argument of type 'RefObject<HTMLDivElement | null>' is not assignable to parameter of type 'RefObject<HTMLElement>'.
  Type 'HTMLDivElement | null' is not assignable to type 'HTMLElement'.
    Type 'null' is not assignable to type 'HTMLElement'.
src/lib/supabase.ts(3,33): error TS2339: Property 'env' does not exist on type 'ImportMeta'.
src/lib/supabase.ts(4,37): error TS2339: Property 'env' does not exist on type 'ImportMeta'.
