spa-pages/Dokuma.tsx(578,16): error TS2345: Argument of type '(WeavingPlan | { variants: { wovenMeters: number; shippedMeters: number; status: string; id: string; variantCode?: string | undefined; colorName: string; plannedMeters: number; notes?: string | undefined; }[]; ... 10 more ...; manualCompletedAt?: string | ... 1 more ... | undefined; })[]' is not assignable to parameter of type 'SetStateAction<WeavingPlan[]>'.
  Type '(WeavingPlan | { variants: { wovenMeters: number; shippedMeters: number; status: string; id: string; variantCode?: string | undefined; colorName: string; plannedMeters: number; notes?: string | undefined; }[]; ... 10 more ...; manualCompletedAt?: string | ... 1 more ... | undefined; })[]' is not assignable to type 'WeavingPlan[]'.
    Type 'WeavingPlan | { variants: { wovenMeters: number; shippedMeters: number; status: string; id: string; variantCode?: string | undefined; colorName: string; plannedMeters: number; notes?: string | undefined; }[]; ... 10 more ...; manualCompletedAt?: string | ... 1 more ... | undefined; }' is not assignable to type 'WeavingPlan'.
      Type '{ variants: { wovenMeters: number; shippedMeters: number; status: string; id: string; variantCode?: string; colorName: string; plannedMeters: number; notes?: string; }[]; plannedMeters: number; ... 9 more ...; manualCompletedAt?: string | null; }' is not assignable to type 'WeavingPlan'.
        Types of property 'variants' are incompatible.
          Type '{ wovenMeters: number; shippedMeters: number; status: string; id: string; variantCode?: string | undefined; colorName: string; plannedMeters: number; notes?: string | undefined; }[]' is not assignable to type 'WeavingPlanVariant[]'.
            Type '{ wovenMeters: number; shippedMeters: number; status: string; id: string; variantCode?: string; colorName: string; plannedMeters: number; notes?: string; }' is not assignable to type 'WeavingPlanVariant'.
              Types of property 'status' are incompatible.
                Type 'string' is not assignable to type 'WeavingPlanVariantStatus | undefined'.
spa-pages/Dokuma.tsx(591,5): error TS1308: 'await' expressions are only allowed within async functions and at the top levels of modules.
spa-pages/Dokuma.tsx(793,7): error TS2304: Cannot find name 'patternsLocalRepo'.
spa-pages/Dokuma.tsx(793,38): error TS7006: Parameter 'pattern' implicitly has an 'any' type.
spa-pages/Dokuma.tsx(1076,50): error TS2339: Property 'create' does not exist on type '{ list(): Promise<Pattern[]>; get(id: string): Promise<Pattern | null>; update(id: string, patch: Partial<Pattern>): Promise<...>; upsertPatternFromForm(payload: UpsertPatternFromFormPayload): Promise<...>; archivePattern(id: string): Promise<...>; restorePattern(id: string): Promise<...>; remove(id: string): Promis...'.
spa-pages/Dokuma.tsx(2796,21): error TS2304: Cannot find name 'patternsLocalRepo'.
spa-pages/Dokuma.tsx(2928,23): error TS2304: Cannot find name 'patternsLocalRepo'.
